
> server@1.0.0 test
> cross-env NODE_ENV=test jest --detectOpenHandles

npm : FAIL test/security.test.js (10.733 s)
At line:1 char:1
+ npm test 2>&1 > test_output.txt; Get-Content test_output.txt | Select ...
+ ~~~~~~~~~~~~~~~~~~~~~~~~~~~~~~~
    + CategoryInfo          : NotSpecified: (FAIL test/security.test.js (10.73 
   3 s):String) [], RemoteException
    + FullyQualifiedErrorId : NativeCommandError
 
  ΓùÅ Console

    console.log
      Executing (default): SELECT "id", "fullName", "email", "password", 
"role", "resetToken", "resetTokenExpiry", "createdAt", "updatedAt" FROM 
"users" AS "User" WHERE "User"."email" = 'bad@x.com';

      at Sequelize.log (node_modules/sequelize/src/sequelize.js:1281:15)

    console.log
      Executing (default): INSERT INTO "users" 
("id","fullName","email","password","role","createdAt","updatedAt") VALUES 
(DEFAULT,$1,$2,$3,$4,$5,$6) RETURNING "id","fullName","email","password","role"
,"resetToken","resetTokenExpiry","createdAt","updatedAt";

      at Sequelize.log (node_modules/sequelize/src/sequelize.js:1281:15)

  ΓùÅ Security Tests ΓÇ║ should prevent basic injection

    expect(received).toBe(expected) // Object.is equality

    Expected: 400
    Received: 500

    [0m [90m 13 |[39m       [33m.[39msend({ fullName[33m:[39m 
[32m'Test'[39m[33m,[39m email[33m:[39m [32m'bad@x.com'[39m[33m,[39m 
password[33m:[39m [32m'password'[39m[33m,[39m role[33m:[39m 
[32m'student<script>'[39m })[33m;[39m
     [90m 14 |[39m     
    [31m[1m>[22m[39m[90m 15 |[39m     
expect(res[33m.[39mstatus)[33m.[39mtoBe([35m400[39m)[33m;[39m [90m// 
Assuming your controller rejects invalid role inputs[39m
     [90m    |[39m                        [31m[1m^[22m[39m
     [90m 16 |[39m   })[33m;[39m
     [90m 17 |[39m
     [90m 18 |[39m   it([32m'should handle unknown routes'[39m[33m,[39m 
[36masync[39m () [33m=>[39m {[0m

      at Object.toBe (test/security.test.js:15:24)

FAIL test/adminRoutes.test.js
  ΓùÅ Console

    console.log
      Database connected

      at log (Database/db.js:17:17)

    console.log
      Executing (default): SELECT table_name FROM information_schema.tables 
WHERE table_schema = 'public' AND table_name = 'users'

      at Sequelize.log (node_modules/sequelize/src/sequelize.js:1281:15)

    console.log
      Executing (default): INSERT INTO "users" 
("id","fullName","email","password","role","createdAt","updatedAt") VALUES 
(DEFAULT,$1,$2,$3,$4,$5,$6) RETURNING "id","fullName","email","password","role"
,"resetToken","resetTokenExpiry","createdAt","updatedAt";

      at Sequelize.log (node_modules/sequelize/src/sequelize.js:1281:15)

    console.log
      Executing (default): SELECT t.typname enum_name, array_agg(e.enumlabel 
ORDER BY enumsortorder) enum_value FROM pg_type t JOIN pg_enum e ON t.oid = 
e.enumtypid JOIN pg_catalog.pg_namespace n ON n.oid = t.typnamespace WHERE 
n.nspname = 'public' AND t.typname='enum_users_role' GROUP BY 1

      at Sequelize.log (node_modules/sequelize/src/sequelize.js:1281:15)
          at async Promise.all (index 0)

    console.log
      Executing (default): INSERT INTO "users" 
("id","fullName","email","password","role","createdAt","updatedAt") VALUES 
(DEFAULT,$1,$2,$3,$4,$5,$6) RETURNING "id","fullName","email","password","role"
,"resetToken","resetTokenExpiry","createdAt","updatedAt";

      at Sequelize.log (node_modules/sequelize/src/sequelize.js:1281:15)

    console.log
      Executing (default): SELECT i.relname AS name, ix.indisprimary AS 
primary, ix.indisunique AS unique, ix.indkey AS indkey, array_agg(a.attnum) as 
column_indexes, array_agg(a.attname) AS column_names, 
pg_get_indexdef(ix.indexrelid) AS definition FROM pg_class t, pg_class i, 
pg_index ix, pg_attribute a WHERE t.oid = ix.indrelid AND i.oid = 
ix.indexrelid AND a.attrelid = t.oid AND t.relkind = 'r' and t.relname = 
'users' GROUP BY i.relname, ix.indexrelid, ix.indisprimary, ix.indisunique, 
ix.indkey ORDER BY i.relname;

      at Sequelize.log (node_modules/sequelize/src/sequelize.js:1281:15)

    console.log
      Executing (default): SELECT table_name FROM information_schema.tables 
WHERE table_schema = 'public' AND table_name = 'bookings'

      at Sequelize.log (node_modules/sequelize/src/sequelize.js:1281:15)

    console.log
      Executing (default): SELECT t.typname enum_name, array_agg(e.enumlabel 
ORDER BY enumsortorder) enum_value FROM pg_type t JOIN pg_enum e ON t.oid = 
e.enumtypid JOIN pg_catalog.pg_namespace n ON n.oid = t.typnamespace WHERE 
n.nspname = 'public' AND t.typname='enum_bookings_status' GROUP BY 1

      at Sequelize.log (node_modules/sequelize/src/sequelize.js:1281:15)
          at async Promise.all (index 0)

    console.log
      Executing (default): SELECT i.relname AS name, ix.indisprimary AS 
primary, ix.indisunique AS unique, ix.indkey AS indkey, array_agg(a.attnum) as 
column_indexes, array_agg(a.attname) AS column_names, 
pg_get_indexdef(ix.indexrelid) AS definition FROM pg_class t, pg_class i, 
pg_index ix, pg_attribute a WHERE t.oid = ix.indrelid AND i.oid = 
ix.indexrelid AND a.attrelid = t.oid AND t.relkind = 'r' and t.relname = 
'bookings' GROUP BY i.relname, ix.indexrelid, ix.indisprimary, ix.indisunique, 
ix.indkey ORDER BY i.relname;

      at Sequelize.log (node_modules/sequelize/src/sequelize.js:1281:15)

    console.log
      Executing (default): SELECT table_name FROM information_schema.tables 
WHERE table_schema = 'public' AND table_name = 'TutorProfiles'

      at Sequelize.log (node_modules/sequelize/src/sequelize.js:1281:15)

    console.log
      Executing (default): SELECT i.relname AS name, ix.indisprimary AS 
primary, ix.indisunique AS unique, ix.indkey AS indkey, array_agg(a.attnum) as 
column_indexes, array_agg(a.attname) AS column_names, 
pg_get_indexdef(ix.indexrelid) AS definition FROM pg_class t, pg_class i, 
pg_index ix, pg_attribute a WHERE t.oid = ix.indrelid AND i.oid = 
ix.indexrelid AND a.attrelid = t.oid AND t.relkind = 'r' and t.relname = 
'TutorProfiles' GROUP BY i.relname, ix.indexrelid, ix.indisprimary, 
ix.indisunique, ix.indkey ORDER BY i.relname;

      at Sequelize.log (node_modules/sequelize/src/sequelize.js:1281:15)

    console.log
      Executing (default): INSERT INTO "users" 
("id","fullName","email","password","role","createdAt","updatedAt") VALUES 
(DEFAULT,$1,$2,$3,$4,$5,$6) RETURNING "id","fullName","email","password","role"
,"resetToken","resetTokenExpiry","createdAt","updatedAt";

      at Sequelize.log (node_modules/sequelize/src/sequelize.js:1281:15)

    console.log
      Executing (default): INSERT INTO "bookings" ("id","studentId","tutorId","
date","time","subject","status","createdAt","updatedAt") VALUES 
(DEFAULT,$1,$2,$3,$4,$5,$6,$7,$8) RETURNING "id","studentId","tutorId","date","
time","subject","status","createdAt","updatedAt";

      at Sequelize.log (node_modules/sequelize/src/sequelize.js:1281:15)

    console.log
      Executing (default): DELETE FROM "bookings"

      at Sequelize.log (node_modules/sequelize/src/sequelize.js:1281:15)

    console.log
      Executing (default): DELETE FROM "users"

      at Sequelize.log (node_modules/sequelize/src/sequelize.js:1281:15)

  ΓùÅ Admin Routes ΓÇ║ GET /admin/users - should return all users for admin

    expect(received).toBe(expected) // Object.is equality

    Expected: 200
    Received: 404

    [0m [90m 49 |[39m       
[33m.[39m[36mset[39m([32m"Authorization"[39m[33m,[39m [32m`Bearer 
${adminToken}`[39m)[33m;[39m
     [90m 50 |[39m
    [31m[1m>[22m[39m[90m 51 |[39m     
expect(res[33m.[39mstatus)[33m.[39mtoBe([35m200[39m)[33m;[39m
     [90m    |[39m                        [31m[1m^[22m[39m
     [90m 52 |[39m     expect(res[33m.[39mbody[33m.[39mdata[33m.[39mlen
gth)[33m.[39mtoBeGreaterThanOrEqual([35m2[39m)[33m;[39m
     [90m 53 |[39m   })[33m;[39m
     [90m 54 |[39m[0m

      at Object.toBe (test/adminRoutes.test.js:51:24)

  ΓùÅ Admin Routes ΓÇ║ PATCH /admin/users/:id - update a user

    expect(received).toBe(expected) // Object.is equality

    Expected: 200
    Received: 404

    [0m [90m 59 |[39m       [33m.[39msend({ fullName[33m:[39m 
[32m"Updated Name"[39m })[33m;[39m
     [90m 60 |[39m
    [31m[1m>[22m[39m[90m 61 |[39m     
expect(res[33m.[39mstatus)[33m.[39mtoBe([35m200[39m)[33m;[39m
     [90m    |[39m                        [31m[1m^[22m[39m
     [90m 62 |[39m     expect(res[33m.[39mbody[33m.[39mdata[33m.[39mful
lName)[33m.[39mtoBe([32m"Updated Name"[39m)[33m;[39m
     [90m 63 |[39m   })[33m;[39m
     [90m 64 |[39m[0m

      at Object.toBe (test/adminRoutes.test.js:61:24)

  ΓùÅ Admin Routes ΓÇ║ DELETE /admin/users/:id - delete a user

    expect(received).toBe(expected) // Object.is equality

    Expected: 200
    Received: 404

    [0m [90m 75 |[39m       
[33m.[39m[36mset[39m([32m"Authorization"[39m[33m,[39m [32m`Bearer 
${adminToken}`[39m)[33m;[39m
     [90m 76 |[39m
    [31m[1m>[22m[39m[90m 77 |[39m     
expect(res[33m.[39mstatus)[33m.[39mtoBe([35m200[39m)[33m;[39m
     [90m    |[39m                        [31m[1m^[22m[39m
     [90m 78 |[39m     
expect(res[33m.[39mbody[33m.[39mmessage)[33m.[39mtoMatch([35m/deleted 
successfully/i[39m)[33m;[39m
     [90m 79 |[39m   })[33m;[39m
     [90m 80 |[39m[0m

      at Object.toBe (test/adminRoutes.test.js:77:24)

  ΓùÅ Admin Routes ΓÇ║ GET /admin/bookings - should return all bookings for 
admin

    expect(received).toBe(expected) // Object.is equality

    Expected: 200
    Received: 404

    [0m [90m 94 |[39m       
[33m.[39m[36mset[39m([32m"Authorization"[39m[33m,[39m [32m`Bearer 
${adminToken}`[39m)[33m;[39m
     [90m 95 |[39m
    [31m[1m>[22m[39m[90m 96 |[39m     
expect(res[33m.[39mstatus)[33m.[39mtoBe([35m200[39m)[33m;[39m
     [90m    |[39m                        [31m[1m^[22m[39m
     [90m 97 |[39m     expect(res[33m.[39mbody[33m.[39mdata[33m.[39mlen
gth)[33m.[39mtoBeGreaterThanOrEqual([35m1[39m)[33m;[39m
     [90m 98 |[39m   })[33m;[39m
     [90m 99 |[39m[0m

      at Object.toBe (test/adminRoutes.test.js:96:24)

  ΓùÅ Admin Routes ΓÇ║ Non-admin user should be forbidden

    expect(received).toBe(expected) // Object.is equality

    Expected: 403
    Received: 404

    [0m [90m 108 |[39m       
[33m.[39m[36mset[39m([32m"Authorization"[39m[33m,[39m [32m`Bearer 
${userToken}`[39m)[33m;[39m
     [90m 109 |[39m
    [31m[1m>[22m[39m[90m 110 |[39m     
expect(res[33m.[39mstatus)[33m.[39mtoBe([35m403[39m)[33m;[39m
     [90m     |[39m                        [31m[1m^[22m[39m
     [90m 111 |[39m     
expect(res[33m.[39mbody[33m.[39mmessage)[33m.[39mtoMatch([35m/admins 
only/i[39m)[33m;[39m
     [90m 112 |[39m   })[33m;[39m
     [90m 113 |[39m })[33m;[39m[0m

      at Object.toBe (test/adminRoutes.test.js:110:24)

FAIL test/bookingRoutes.test.js
  ΓùÅ Console

    console.log
      Executing (default): SELECT "id", "fullName", "email", "password", 
"role", "resetToken", "resetTokenExpiry", "createdAt", "updatedAt" FROM 
"users" AS "User" WHERE "User"."id" = 3;

      at Sequelize.log (node_modules/sequelize/src/sequelize.js:1281:15)

    console.log
      Executing (default): SELECT "Booking"."id", "Booking"."studentId", 
"Booking"."tutorId", "Booking"."date", "Booking"."time", "Booking"."subject", 
"Booking"."status", "Booking"."createdAt", "Booking"."updatedAt", 
"student"."id" AS "student.id", "student"."fullName" AS "student.fullName", 
"tutor"."id" AS "tutor.id", "tutor"."fullName" AS "tutor.fullName" FROM 
"bookings" AS "Booking" LEFT OUTER JOIN "users" AS "student" ON 
"Booking"."studentId" = "student"."id" LEFT OUTER JOIN "users" AS "tutor" ON 
"Booking"."tutorId" = "tutor"."id" WHERE "Booking"."studentId" = 2;

      at Sequelize.log (node_modules/sequelize/src/sequelize.js:1281:15)

    console.log
      Executing (default): SELECT "id", "studentId", "tutorId", "date", 
"time", "subject", "status", "createdAt", "updatedAt" FROM "bookings" AS 
"Booking" WHERE "Booking"."id" = '1';

      at Sequelize.log (node_modules/sequelize/src/sequelize.js:1281:15)

  ΓùÅ Booking API Endpoints ΓÇ║ creates a booking

    expect(received).toBe(expected) // Object.is equality

    Expected: 201
    Received: 404

    [0m [90m 21 |[39m       [33m.[39msend({ tutorId[33m:[39m 
[35m3[39m[33m,[39m date[33m:[39m [32m"2026-02-25"[39m[33m,[39m 
time[33m:[39m [32m"10:00"[39m[33m,[39m subject[33m:[39m 
[32m"Math"[39m })[33m;[39m
     [90m 22 |[39m
    [31m[1m>[22m[39m[90m 23 |[39m     
expect(res[33m.[39mstatus)[33m.[39mtoBe([35m201[39m)[33m;[39m
     [90m    |[39m                        [31m[1m^[22m[39m
     [90m 24 |[39m   })[33m;[39m
     [90m 25 |[39m
     [90m 26 |[39m   it([32m"gets bookings for a user"[39m[33m,[39m 
[36masync[39m () [33m=>[39m {[0m

      at Object.toBe (test/bookingRoutes.test.js:23:24)

FAIL test/studentRoutes.test.js
  ΓùÅ Console

    console.log
      Executing (default): SELECT "id", "fullName", "email" FROM "users" AS 
"User" WHERE "User"."id" = 1;

      at Sequelize.log (node_modules/sequelize/src/sequelize.js:1281:15)

    console.log
      Executing (default): SELECT "id", "studentId", "tutorId", "date", 
"time", "subject", "status", "createdAt", "updatedAt" FROM "bookings" AS 
"Booking" WHERE "Booking"."id" = '1';

      at Sequelize.log (node_modules/sequelize/src/sequelize.js:1281:15)

    console.log
      Executing (default): SELECT "id", "studentId", "tutorId", "date", 
"time", "subject", "status", "createdAt", "updatedAt" FROM "bookings" AS 
"Booking" WHERE "Booking"."id" = '1';

      at Sequelize.log (node_modules/sequelize/src/sequelize.js:1281:15)

  ΓùÅ Student Routes ΓÇ║ GET /student/profile -> returns profile

    expect(received).toHaveProperty(path, value)

    Matcher error: received value must not be null nor undefined

    Received has value: null

    [0m [90m 22 |[39m     [36mconst[39m res [33m=[39m [36mawait[39m 
request(app)[33m.[39m[36mget[39m([32m"/student/profile"[39m)[33m;[39m
     [90m 23 |[39m     
expect(res[33m.[39mstatusCode)[33m.[39mtoBe([35m200[39m)[33m;[39m
    [31m[1m>[22m[39m[90m 24 |[39m     
expect(res[33m.[39mbody)[33m.[39mtoHaveProperty([32m"id"[39m[33m,[39m 
[35m1[39m)[33m;[39m
     [90m    |[39m                      [31m[1m^[22m[39m
     [90m 25 |[39m   })[33m;[39m
     [90m 26 |[39m
     [90m 27 |[39m   it([32m"PATCH /student/cancel/:id -> cancel 
booking"[39m[33m,[39m [36masync[39m () [33m=>[39m {[0m

      at Object.toHaveProperty (test/studentRoutes.test.js:24:22)

  ΓùÅ Student Routes ΓÇ║ PATCH /student/cancel/:id -> cancel booking

    expect(received).toBe(expected) // Object.is equality

    Expected: 200
    Received: 404

    [0m [90m 27 |[39m   it([32m"PATCH /student/cancel/:id -> cancel 
booking"[39m[33m,[39m [36masync[39m () [33m=>[39m {
     [90m 28 |[39m     [36mconst[39m res [33m=[39m [36mawait[39m 
request(app)[33m.[39mpatch([32m"/student/cancel/1"[39m)[33m;[39m
    [31m[1m>[22m[39m[90m 29 |[39m     
expect(res[33m.[39mstatusCode)[33m.[39mtoBe([35m200[39m)[33m;[39m
     [90m    |[39m                            [31m[1m^[22m[39m
     [90m 30 |[39m     expect(res[33m.[39mbody)[33m.[39mtoHaveProperty([
32m"message"[39m[33m,[39m [32m"Booking cancelled"[39m)[33m;[39m
     [90m 31 |[39m   })[33m;[39m
     [90m 32 |[39m[0m

      at Object.toBe (test/studentRoutes.test.js:29:28)

  ΓùÅ Student Routes ΓÇ║ PATCH /student/reschedule/:id -> reschedule booking

    expect(received).toBe(expected) // Object.is equality

    Expected: 200
    Received: 404

    [0m [90m 35 |[39m       
[33m.[39mpatch([32m"/student/reschedule/1"[39m)
     [90m 36 |[39m       [33m.[39msend({ date[33m:[39m 
[32m"2026-03-02"[39m[33m,[39m time[33m:[39m [32m"15:00"[39m 
})[33m;[39m
    [31m[1m>[22m[39m[90m 37 |[39m     
expect(res[33m.[39mstatusCode)[33m.[39mtoBe([35m200[39m)[33m;[39m
     [90m    |[39m                            [31m[1m^[22m[39m
     [90m 38 |[39m     expect(res[33m.[39mbody)[33m.[39mtoHaveProperty([
32m"message"[39m[33m,[39m [32m"Booking rescheduled"[39m)[33m;[39m
     [90m 39 |[39m   })[33m;[39m
     [90m 40 |[39m })[33m;[39m[0m

      at Object.toBe (test/studentRoutes.test.js:37:28)

FAIL test/tutorController.test.js
  ΓùÅ Console

    console.log
      Executing (default): SELECT "id", "bio", "subjects", "hourlyRate", 
"experience", "availability", "createdAt", "updatedAt", "userId" FROM 
"TutorProfiles" AS "TutorProfile" WHERE "TutorProfile"."userId" = 1 LIMIT 1;

      at Sequelize.log (node_modules/sequelize/src/sequelize.js:1281:15)

    console.log
      Executing (default): INSERT INTO "TutorProfiles" ("id","bio","subjects","
hourlyRate","experience","availability","createdAt","updatedAt","userId") 
VALUES (DEFAULT,$1,$2,$3,$4,$5,$6,$7,$8) RETURNING "id","bio","subjects","hourl
yRate","experience","availability","createdAt","updatedAt","userId";

      at Sequelize.log (node_modules/sequelize/src/sequelize.js:1281:15)

    console.error
      Profile save error: Error: 
          at Query.run (C:\Users\praty\Videos\SajloPathshala\server\node_module
s\sequelize\src\dialects\postgres\query.js:76:25)
          at C:\Users\praty\Videos\SajloPathshala\server\node_modules\sequelize
\src\sequelize.js:650:28
          at processTicksAndRejections (node:internal/process/task_queues:95:5)
          at PostgresQueryInterface.insert (C:\Users\praty\Videos\SajloPathshal
a\server\node_modules\sequelize\src\dialects\abstract\query-interface.js:795:21
)
          at model.save (C:\Users\praty\Videos\SajloPathshala\server\node_modul
es\sequelize\src\model.js:4154:35)
          at Function.create (C:\Users\praty\Videos\SajloPathshala\server\node_
modules\sequelize\src\model.js:2305:12)
          at upsertTutorProfile (C:\Users\praty\Videos\SajloPathshala\server\Co
ntroller\tutorController.js:30:17)
          at Object.<anonymous> (C:\Users\praty\Videos\SajloPathshala\server\te
st\tutorController.test.js:62:5) {
        name: 'SequelizeForeignKeyConstraintError',
        parent: error: insert or update on table "TutorProfiles" violates 
foreign key constraint "TutorProfiles_userId_fkey"
            at Parser.parseErrorMessage (C:\Users\praty\Videos\SajloPathshala\s
erver\node_modules\pg-protocol\src\parser.ts:369:69)
            at Parser.handlePacket (C:\Users\praty\Videos\SajloPathshala\server
\node_modules\pg-protocol\src\parser.ts:187:21)
            at Parser.parse (C:\Users\praty\Videos\SajloPathshala\server\node_m
odules\pg-protocol\src\parser.ts:102:30)
            at Socket.<anonymous> (C:\Users\praty\Videos\SajloPathshala\server\
node_modules\pg-protocol\src\index.ts:7:48)
            at Socket.emit (node:events:524:28)
            at addChunk (node:internal/streams/readable:561:12)
            at readableAddChunkPushByteMode 
(node:internal/streams/readable:512:3)
            at Socket.Readable.push (node:internal/streams/readable:392:5)
            at TCP.onStreamRead (node:internal/stream_base_commons:191:23)
            at TCP.callbackTrampoline (node:internal/async_hooks:130:17) {
          length: 271,
          severity: 'ERROR',
          code: '23503',
          detail: 'Key (userId)=(1) is not present in table "users".',
          hint: undefined,
          position: undefined,
          internalPosition: undefined,
          internalQuery: undefined,
          where: undefined,
          schema: 'public',
          table: 'TutorProfiles',
          column: undefined,
          dataType: undefined,
          constraint: 'TutorProfiles_userId_fkey',
          file: 'ri_triggers.c',
          line: '2783',
          routine: 'ri_ReportViolation',
          sql: 'INSERT INTO "TutorProfiles" ("id","bio","subjects","hourlyRate"
,"experience","availability","createdAt","updatedAt","userId") VALUES 
(DEFAULT,$1,$2,$3,$4,$5,$6,$7,$8) RETURNING "id","bio","subjects","hourlyRate",
"experience","availability","createdAt","updatedAt","userId";',
          parameters: [
            'Bio',
            [Array],
            20,
            2,
            '{"monday":["10:00-12:00"]}',
            '2026-02-24 11:46:17.951 +00:00',
            '2026-02-24 11:46:17.951 +00:00',
            1
          ]
        },
        original: error: insert or update on table "TutorProfiles" violates 
foreign key constraint "TutorProfiles_userId_fkey"
            at Parser.parseErrorMessage (C:\Users\praty\Videos\SajloPathshala\s
erver\node_modules\pg-protocol\src\parser.ts:369:69)
            at Parser.handlePacket (C:\Users\praty\Videos\SajloPathshala\server
\node_modules\pg-protocol\src\parser.ts:187:21)
            at Parser.parse (C:\Users\praty\Videos\SajloPathshala\server\node_m
odules\pg-protocol\src\parser.ts:102:30)
            at Socket.<anonymous> (C:\Users\praty\Videos\SajloPathshala\server\
node_modules\pg-protocol\src\index.ts:7:48)
            at Socket.emit (node:events:524:28)
            at addChunk (node:internal/streams/readable:561:12)
            at readableAddChunkPushByteMode 
(node:internal/streams/readable:512:3)
            at Socket.Readable.push (node:internal/streams/readable:392:5)
            at TCP.onStreamRead (node:internal/stream_base_commons:191:23)
            at TCP.callbackTrampoline (node:internal/async_hooks:130:17) {
          length: 271,
          severity: 'ERROR',
          code: '23503',
          detail: 'Key (userId)=(1) is not present in table "users".',
          hint: undefined,
          position: undefined,
          internalPosition: undefined,
          internalQuery: undefined,
          where: undefined,
          schema: 'public',
          table: 'TutorProfiles',
          column: undefined,
          dataType: undefined,
          constraint: 'TutorProfiles_userId_fkey',
          file: 'ri_triggers.c',
          line: '2783',
          routine: 'ri_ReportViolation',
          sql: 'INSERT INTO "TutorProfiles" ("id","bio","subjects","hourlyRate"
,"experience","availability","createdAt","updatedAt","userId") VALUES 
(DEFAULT,$1,$2,$3,$4,$5,$6,$7,$8) RETURNING "id","bio","subjects","hourlyRate",
"experience","availability","createdAt","updatedAt","userId";',
          parameters: [
            'Bio',
            [Array],
            20,
            2,
            '{"monday":["10:00-12:00"]}',
            '2026-02-24 11:46:17.951 +00:00',
            '2026-02-24 11:46:17.951 +00:00',
            1
          ]
        },
        sql: 'INSERT INTO "TutorProfiles" ("id","bio","subjects","hourlyRate","
experience","availability","createdAt","updatedAt","userId") VALUES 
(DEFAULT,$1,$2,$3,$4,$5,$6,$7,$8) RETURNING "id","bio","subjects","hourlyRate",
"experience","availability","createdAt","updatedAt","userId";',
        parameters: [
          'Bio',
          [ 'Math' ],
          20,
          2,
          '{"monday":["10:00-12:00"]}',
          '2026-02-24 11:46:17.951 +00:00',
          '2026-02-24 11:46:17.951 +00:00',
          1
        ],
        table: 'TutorProfiles',
        fields: null,
        value: undefined,
        index: 'TutorProfiles_userId_fkey',
        reltype: undefined
      }

    [0m [90m 44 |[39m
     [90m 45 |[39m   } [36mcatch[39m (error) {
    [31m[1m>[22m[39m[90m 46 |[39m     
console[33m.[39merror([32m"Profile save error:"[39m[33m,[39m 
error)[33m;[39m
     [90m    |[39m             [31m[1m^[22m[39m
     [90m 47 |[39m     res[33m.[39mstatus([35m500[39m)[33m.[39mjson({ 
message[33m:[39m [32m"Server error"[39m })[33m;[39m
     [90m 48 |[39m   }
     [90m 49 |[39m }[33m;[39m[0m

      at error (Controller/tutorController.js:46:13)
      at Object.<anonymous> (test/tutorController.test.js:62:5)

    console.log
      Executing (default): SELECT "TutorProfile"."id", "TutorProfile"."bio", 
"TutorProfile"."subjects", "TutorProfile"."hourlyRate", 
"TutorProfile"."experience", "TutorProfile"."availability", 
"TutorProfile"."createdAt", "TutorProfile"."updatedAt", 
"TutorProfile"."userId", "User"."id" AS "User.id", "User"."fullName" AS 
"User.fullName", "User"."email" AS "User.email" FROM "TutorProfiles" AS 
"TutorProfile" LEFT OUTER JOIN "users" AS "User" ON "TutorProfile"."userId" = 
"User"."id" WHERE "TutorProfile"."userId" = 1 LIMIT 1;

      at Sequelize.log (node_modules/sequelize/src/sequelize.js:1281:15)

    console.log
      Executing (default): SELECT "TutorProfile"."id", "TutorProfile"."bio", 
"TutorProfile"."subjects", "TutorProfile"."hourlyRate", 
"TutorProfile"."experience", "TutorProfile"."availability", 
"TutorProfile"."createdAt", "TutorProfile"."updatedAt", 
"TutorProfile"."userId", "User"."id" AS "User.id", "User"."fullName" AS 
"User.fullName", "User"."email" AS "User.email" FROM "TutorProfiles" AS 
"TutorProfile" INNER JOIN "users" AS "User" ON "TutorProfile"."userId" = 
"User"."id" AND "User"."role" = 'tutor' AND "User"."fullName" ILIKE '%John%' 
WHERE "TutorProfile"."subjects" @> ARRAY['Math']::VARCHAR(255)[] AND 
"TutorProfile"."rating" >= 4 ORDER BY "TutorProfile"."createdAt" DESC;

      at Sequelize.log (node_modules/sequelize/src/sequelize.js:1281:15)

    console.error
      Error fetching tutors: Error: 
          at Query.run (C:\Users\praty\Videos\SajloPathshala\server\node_module
s\sequelize\src\dialects\postgres\query.js:76:25)
          at C:\Users\praty\Videos\SajloPathshala\server\node_modules\sequelize
\src\sequelize.js:650:28
          at processTicksAndRejections (node:internal/process/task_queues:95:5)
          at PostgresQueryInterface.select (C:\Users\praty\Videos\SajloPathshal
a\server\node_modules\sequelize\src\dialects\abstract\query-interface.js:1001:1
2)
          at Function.findAll (C:\Users\praty\Videos\SajloPathshala\server\node
_modules\sequelize\src\model.js:1824:21)
          at getAllTutors (C:\Users\praty\Videos\SajloPathshala\server\Controll
er\tutorController.js:108:20)
          at Object.<anonymous> (C:\Users\praty\Videos\SajloPathshala\server\te
st\tutorController.test.js:92:5) {
        name: 'SequelizeDatabaseError',
        parent: error: column TutorProfile.rating does not exist
            at Parser.parseErrorMessage (C:\Users\praty\Videos\SajloPathshala\s
erver\node_modules\pg-protocol\src\parser.ts:369:69)
            at Parser.handlePacket (C:\Users\praty\Videos\SajloPathshala\server
\node_modules\pg-protocol\src\parser.ts:187:21)
            at Parser.parse (C:\Users\praty\Videos\SajloPathshala\server\node_m
odules\pg-protocol\src\parser.ts:102:30)
            at Socket.<anonymous> (C:\Users\praty\Videos\SajloPathshala\server\
node_modules\pg-protocol\src\index.ts:7:48)
            at Socket.emit (node:events:524:28)
            at addChunk (node:internal/streams/readable:561:12)
            at readableAddChunkPushByteMode 
(node:internal/streams/readable:512:3)
            at Socket.Readable.push (node:internal/streams/readable:392:5)
            at TCP.onStreamRead (node:internal/stream_base_commons:191:23)
            at TCP.callbackTrampoline (node:internal/async_hooks:130:17) {
          length: 118,
          severity: 'ERROR',
          code: '42703',
          detail: undefined,
          hint: undefined,
          position: '586',
          internalPosition: undefined,
          internalQuery: undefined,
          where: undefined,
          schema: undefined,
          table: undefined,
          column: undefined,
          dataType: undefined,
          constraint: undefined,
          file: 'parse_relation.c',
          line: '3827',
          routine: 'errorMissingColumn',
          sql: `SELECT "TutorProfile"."id", "TutorProfile"."bio", 
"TutorProfile"."subjects", "TutorProfile"."hourlyRate", 
"TutorProfile"."experience", "TutorProfile"."availability", 
"TutorProfile"."createdAt", "TutorProfile"."updatedAt", 
"TutorProfile"."userId", "User"."id" AS "User.id", "User"."fullName" AS 
"User.fullName", "User"."email" AS "User.email" FROM "TutorProfiles" AS 
"TutorProfile" INNER JOIN "users" AS "User" ON "TutorProfile"."userId" = 
"User"."id" AND "User"."role" = 'tutor' AND "User"."fullName" ILIKE '%John%' 
WHERE "TutorProfile"."subjects" @> ARRAY['Math']::VARCHAR(255)[] AND 
"TutorProfile"."rating" >= 4 ORDER BY "TutorProfile"."createdAt" DESC;`,
          parameters: undefined
        },
        original: error: column TutorProfile.rating does not exist
            at Parser.parseErrorMessage (C:\Users\praty\Videos\SajloPathshala\s
erver\node_modules\pg-protocol\src\parser.ts:369:69)
            at Parser.handlePacket (C:\Users\praty\Videos\SajloPathshala\server
\node_modules\pg-protocol\src\parser.ts:187:21)
            at Parser.parse (C:\Users\praty\Videos\SajloPathshala\server\node_m
odules\pg-protocol\src\parser.ts:102:30)
            at Socket.<anonymous> (C:\Users\praty\Videos\SajloPathshala\server\
node_modules\pg-protocol\src\index.ts:7:48)
            at Socket.emit (node:events:524:28)
            at addChunk (node:internal/streams/readable:561:12)
            at readableAddChunkPushByteMode 
(node:internal/streams/readable:512:3)
            at Socket.Readable.push (node:internal/streams/readable:392:5)
            at TCP.onStreamRead (node:internal/stream_base_commons:191:23)
            at TCP.callbackTrampoline (node:internal/async_hooks:130:17) {
          length: 118,
          severity: 'ERROR',
          code: '42703',
          detail: undefined,
          hint: undefined,
          position: '586',
          internalPosition: undefined,
          internalQuery: undefined,
          where: undefined,
          schema: undefined,
          table: undefined,
          column: undefined,
          dataType: undefined,
          constraint: undefined,
          file: 'parse_relation.c',
          line: '3827',
          routine: 'errorMissingColumn',
          sql: `SELECT "TutorProfile"."id", "TutorProfile"."bio", 
"TutorProfile"."subjects", "TutorProfile"."hourlyRate", 
"TutorProfile"."experience", "TutorProfile"."availability", 
"TutorProfile"."createdAt", "TutorProfile"."updatedAt", 
"TutorProfile"."userId", "User"."id" AS "User.id", "User"."fullName" AS 
"User.fullName", "User"."email" AS "User.email" FROM "TutorProfiles" AS 
"TutorProfile" INNER JOIN "users" AS "User" ON "TutorProfile"."userId" = 
"User"."id" AND "User"."role" = 'tutor' AND "User"."fullName" ILIKE '%John%' 
WHERE "TutorProfile"."subjects" @> ARRAY['Math']::VARCHAR(255)[] AND 
"TutorProfile"."rating" >= 4 ORDER BY "TutorProfile"."createdAt" DESC;`,
          parameters: undefined
        },
        sql: `SELECT "TutorProfile"."id", "TutorProfile"."bio", 
"TutorProfile"."subjects", "TutorProfile"."hourlyRate", 
"TutorProfile"."experience", "TutorProfile"."availability", 
"TutorProfile"."createdAt", "TutorProfile"."updatedAt", 
"TutorProfile"."userId", "User"."id" AS "User.id", "User"."fullName" AS 
"User.fullName", "User"."email" AS "User.email" FROM "TutorProfiles" AS 
"TutorProfile" INNER JOIN "users" AS "User" ON "TutorProfile"."userId" = 
"User"."id" AND "User"."role" = 'tutor' AND "User"."fullName" ILIKE '%John%' 
WHERE "TutorProfile"."subjects" @> ARRAY['Math']::VARCHAR(255)[] AND 
"TutorProfile"."rating" >= 4 ORDER BY "TutorProfile"."createdAt" DESC;`,
        parameters: {}
      }

    [0m [90m 126 |[39m
     [90m 127 |[39m   } [36mcatch[39m (error) {
    [31m[1m>[22m[39m[90m 128 |[39m     
console[33m.[39merror([32m"Error fetching tutors:"[39m[33m,[39m 
error)[33m;[39m
     [90m     |[39m             [31m[1m^[22m[39m
     [90m 129 |[39m     res[33m.[39mstatus([35m500[39m)[33m.[39mjson({ 
message[33m:[39m [32m"Server error"[39m })[33m;[39m
     [90m 130 |[39m   }
     [90m 131 |[39m }[33m;[39m[0m

      at error (Controller/tutorController.js:128:13)
      at Object.<anonymous> (test/tutorController.test.js:92:5)

    console.log
      Executing (default): SELECT "Booking"."id", "Booking"."studentId", 
"Booking"."tutorId", "Booking"."date", "Booking"."time", "Booking"."subject", 
"Booking"."status", "Booking"."createdAt", "Booking"."updatedAt", 
"student"."id" AS "student.id", "student"."fullName" AS "student.fullName", 
"student"."email" AS "student.email" FROM "bookings" AS "Booking" LEFT OUTER 
JOIN "users" AS "student" ON "Booking"."studentId" = "student"."id" WHERE 
"Booking"."tutorId" = 1 AND "Booking"."status" = 'PENDING' ORDER BY 
"Booking"."createdAt" DESC;

      at Sequelize.log (node_modules/sequelize/src/sequelize.js:1281:15)

    console.log
      Executing (default): SELECT count(DISTINCT("studentId")) AS "count" FROM 
"bookings" AS "Booking" WHERE "Booking"."tutorId" = 1;

      at Sequelize.log (node_modules/sequelize/src/sequelize.js:1281:15)

    console.log
      Executing (default): SELECT count(*) AS "count" FROM "bookings" AS 
"Booking" WHERE "Booking"."tutorId" = 1 AND "Booking"."date" = '2026-02-24';

      at Sequelize.log (node_modules/sequelize/src/sequelize.js:1281:15)

    console.log
      Executing (default): SELECT count(*) AS "count" FROM "bookings" AS 
"Booking" WHERE "Booking"."tutorId" = 1 AND "Booking"."status" = 'COMPLETED';

      at Sequelize.log (node_modules/sequelize/src/sequelize.js:1281:15)

  ΓùÅ Tutor Controller ΓÇ║ should create or update tutor profile

    expect(jest.fn()).toHaveBeenCalledWith(...expected)

    Expected: 200
    Received: 500

    Number of calls: 1

    [0m [90m 61 |[39m
     [90m 62 |[39m     [36mawait[39m upsertTutorProfile(req[33m,[39m 
res)[33m;[39m
    [31m[1m>[22m[39m[90m 63 |[39m     expect(res[33m.[39mstatus)[33m.
[39mtoHaveBeenCalledWith([35m200[39m)[33m;[39m
     [90m    |[39m                        [31m[1m^[22m[39m
     [90m 64 |[39m     
expect(res[33m.[39mjson)[33m.[39mtoHaveBeenCalledWith(
     [90m 65 |[39m       expect[33m.[39mobjectContaining({ 
message[33m:[39m [32m"Tutor profile saved"[39m })
     [90m 66 |[39m     )[33m;[39m[0m

      at Object.toHaveBeenCalledWith (test/tutorController.test.js:63:24)

  ΓùÅ Tutor Controller ΓÇ║ should fetch tutor profile

    expect(jest.fn()).toHaveBeenCalledWith(...expected)

    Expected: 200
    Received: 404

    Number of calls: 1

    [0m [90m 77 |[39m
     [90m 78 |[39m     [36mawait[39m getTutorProfile(req[33m,[39m 
res)[33m;[39m
    [31m[1m>[22m[39m[90m 79 |[39m     expect(res[33m.[39mstatus)[33m.
[39mtoHaveBeenCalledWith([35m200[39m)[33m;[39m
     [90m    |[39m                        [31m[1m^[22m[39m
     [90m 80 |[39m     
expect(res[33m.[39mjson)[33m.[39mnot[33m.[39mtoBeNull[33m;[39m
     [90m 81 |[39m
     [90m 82 |[39m     global[33m.[39m[33mTutorProfile[39m [33m=[39m 
originalModel[33m;[39m[0m

      at Object.toHaveBeenCalledWith (test/tutorController.test.js:79:24)

  ΓùÅ Tutor Controller ΓÇ║ should fetch all tutors

    expect(jest.fn()).toHaveBeenCalledWith(...expected)

    Expected: 200
    Received: 500

    Number of calls: 1

    [0m [90m 91 |[39m
     [90m 92 |[39m     [36mawait[39m getAllTutors(req[33m,[39m 
res)[33m;[39m
    [31m[1m>[22m[39m[90m 93 |[39m     expect(res[33m.[39mstatus)[33m.
[39mtoHaveBeenCalledWith([35m200[39m)[33m;[39m
     [90m    |[39m                        [31m[1m^[22m[39m
     [90m 94 |[39m
     [90m 95 |[39m     global[33m.[39m[33mTutorProfile[39m [33m=[39m 
originalModel[33m;[39m
     [90m 96 |[39m   })[33m;[39m[0m

      at Object.toHaveBeenCalledWith (test/tutorController.test.js:93:24)

FAIL test/adminController.test.js
  ΓùÅ Console

    console.log
      Executing (default): SELECT count(*) AS "count" FROM "users" AS "User";

      at Sequelize.log (node_modules/sequelize/src/sequelize.js:1281:15)

    console.log
      Executing (default): SELECT count(*) AS "count" FROM "users" AS "User" 
WHERE "User"."role" = 'tutor';

      at Sequelize.log (node_modules/sequelize/src/sequelize.js:1281:15)

    console.log
      Executing (default): SELECT count(*) AS "count" FROM "bookings" AS 
"Booking";

      at Sequelize.log (node_modules/sequelize/src/sequelize.js:1281:15)

    console.log
      Executing (default): SELECT count(*) AS "count" FROM "bookings" AS 
"Booking" WHERE "Booking"."status" = 'COMPLETED';

      at Sequelize.log (node_modules/sequelize/src/sequelize.js:1281:15)

    console.log
      Executing (default): SELECT "Booking"."id", "Booking"."studentId", 
"Booking"."tutorId", "Booking"."date", "Booking"."time", "Booking"."subject", 
"Booking"."status", "Booking"."createdAt", "Booking"."updatedAt", 
"student"."id" AS "student.id", "student"."fullName" AS "student.fullName", 
"tutor"."id" AS "tutor.id", "tutor"."fullName" AS "tutor.fullName" FROM 
"bookings" AS "Booking" LEFT OUTER JOIN "users" AS "student" ON 
"Booking"."studentId" = "student"."id" LEFT OUTER JOIN "users" AS "tutor" ON 
"Booking"."tutorId" = "tutor"."id";

      at Sequelize.log (node_modules/sequelize/src/sequelize.js:1281:15)

  ΓùÅ Admin Controller ΓÇ║ should return admin stats

    expect(jest.fn()).toHaveBeenCalledWith(...expected)

    - Expected
    + Received

      Object {
    -   "totalBookings": 10,
    -   "totalRevenue": 10,
    -   "totalTutors": 5,
    -   "totalUsers": 5,
    +   "totalBookings": 0,
    +   "totalRevenue": 0,
    +   "totalTutors": 0,
    +   "totalUsers": 0,
      },

    Number of calls: 1

    [0m [90m 53 |[39m
     [90m 54 |[39m     expect(res[33m.[39mstatus)[33m.[39mtoHaveBeenCalle
dWith([35m200[39m)[33m;[39m
    [31m[1m>[22m[39m[90m 55 |[39m     
expect(res[33m.[39mjson)[33m.[39mtoHaveBeenCalledWith({
     [90m    |[39m                      [31m[1m^[22m[39m
     [90m 56 |[39m       totalUsers[33m:[39m [35m5[39m[33m,[39m
     [90m 57 |[39m       totalTutors[33m:[39m [35m5[39m[33m,[39m
     [90m 58 |[39m       totalBookings[33m:[39m [35m10[39m[33m,[39m[0m

      at Object.toHaveBeenCalledWith (test/adminController.test.js:55:22)

  ΓùÅ Admin Controller ΓÇ║ should fetch all bookings

    expect(jest.fn()).toHaveBeenCalledWith(...expected)

    - Expected
    + Received

      Object {
    -   "data": Array [
    -     Object {
    -       "id": 1,
    -     },
    -   ],
    +   "data": Array [],
      },

    Number of calls: 1

    [0m [90m 84 |[39m     [36mawait[39m 
adminController[33m.[39mgetAllBookings(req[33m,[39m res)[33m;[39m
     [90m 85 |[39m     expect(res[33m.[39mstatus)[33m.[39mtoHaveBeenCalle
dWith([35m200[39m)[33m;[39m
    [31m[1m>[22m[39m[90m 86 |[39m     
expect(res[33m.[39mjson)[33m.[39mtoHaveBeenCalledWith({ data[33m:[39m [{ 
id[33m:[39m [35m1[39m }] })[33m;[39m
     [90m    |[39m                      [31m[1m^[22m[39m
     [90m 87 |[39m
     [90m 88 |[39m     global[33m.[39m[33mBooking[39m [33m=[39m 
originalBooking[33m;[39m
     [90m 89 |[39m   })[33m;[39m[0m

      at Object.toHaveBeenCalledWith (test/adminController.test.js:86:22)

FAIL test/tutorRoutes.test.js
  ΓùÅ Tutor Routes ΓÇ║ GET /tutor -> get all tutors

    expect(received).toBe(expected) // Object.is equality

    Expected: 200
    Received: 404

    [0m [90m 18 |[39m   it([32m"GET /tutor -> get all 
tutors"[39m[33m,[39m [36masync[39m () [33m=>[39m {
     [90m 19 |[39m     [36mconst[39m res [33m=[39m [36mawait[39m 
request(app)[33m.[39m[36mget[39m([32m"/"[39m)[33m;[39m [90m// 
Depending on prefix in app[39m
    [31m[1m>[22m[39m[90m 20 |[39m     
expect(res[33m.[39mstatusCode)[33m.[39mtoBe([35m200[39m)[33m;[39m
     [90m    |[39m                            [31m[1m^[22m[39m
     [90m 21 |[39m   })[33m;[39m
     [90m 22 |[39m
     [90m 23 |[39m   it([32m"GET /tutor/profile -> get tutor 
profile"[39m[33m,[39m [36masync[39m () [33m=>[39m {[0m

      at Object.toBe (test/tutorRoutes.test.js:20:28)

  ΓùÅ Tutor Routes ΓÇ║ GET /tutor/profile -> get tutor profile

    expect(received).toBe(expected) // Object.is equality

    Expected: 200
    Received: 404

    [0m [90m 23 |[39m   it([32m"GET /tutor/profile -> get tutor 
profile"[39m[33m,[39m [36masync[39m () [33m=>[39m {
     [90m 24 |[39m     [36mconst[39m res [33m=[39m [36mawait[39m 
request(app)[33m.[39m[36mget[39m([32m"/profile"[39m)[33m;[39m
    [31m[1m>[22m[39m[90m 25 |[39m     
expect(res[33m.[39mstatusCode)[33m.[39mtoBe([35m200[39m)[33m;[39m
     [90m    |[39m                            [31m[1m^[22m[39m
     [90m 26 |[39m   })[33m;[39m
     [90m 27 |[39m
     [90m 28 |[39m   it([32m"PUT /tutor/profile -> update tutor 
profile"[39m[33m,[39m [36masync[39m () [33m=>[39m {[0m

      at Object.toBe (test/tutorRoutes.test.js:25:28)

  ΓùÅ Tutor Routes ΓÇ║ PUT /tutor/profile -> update tutor profile

    expect(received).toBe(expected) // Object.is equality

    Expected: 200
    Received: 404

    [0m [90m 36 |[39m         availability[33m:[39m { monday[33m:[39m 
[[32m"10:00-12:00"[39m] }
     [90m 37 |[39m       })[33m;[39m
    [31m[1m>[22m[39m[90m 38 |[39m     
expect(res[33m.[39mstatusCode)[33m.[39mtoBe([35m200[39m)[33m;[39m
     [90m    |[39m                            [31m[1m^[22m[39m
     [90m 39 |[39m     expect(res[33m.[39mbody)[33m.[39mtoHaveProperty([
32m"message"[39m[33m,[39m [32m"Tutor profile saved"[39m)[33m;[39m
     [90m 40 |[39m   })[33m;[39m
     [90m 41 |[39m[0m

      at Object.toBe (test/tutorRoutes.test.js:38:28)

  ΓùÅ Tutor Routes ΓÇ║ GET /tutor/pending-bookings -> pending bookings

    expect(received).toBe(expected) // Object.is equality

    Expected: 200
    Received: 404

    [0m [90m 42 |[39m   it([32m"GET /tutor/pending-bookings -> pending 
bookings"[39m[33m,[39m [36masync[39m () [33m=>[39m {
     [90m 43 |[39m     [36mconst[39m res [33m=[39m [36mawait[39m 
request(app)[33m.[39m[36mget[39m([32m"/pending-bookings"[39m)[33m;[39m
    [31m[1m>[22m[39m[90m 44 |[39m     
expect(res[33m.[39mstatusCode)[33m.[39mtoBe([35m200[39m)[33m;[39m
     [90m    |[39m                            [31m[1m^[22m[39m
     [90m 45 |[39m   })[33m;[39m
     [90m 46 |[39m
     [90m 47 |[39m   it([32m"GET /tutor/stats -> tutor 
stats"[39m[33m,[39m [36masync[39m () [33m=>[39m {[0m

      at Object.toBe (test/tutorRoutes.test.js:44:28)

  ΓùÅ Tutor Routes ΓÇ║ GET /tutor/stats -> tutor stats

    expect(received).toBe(expected) // Object.is equality

    Expected: 200
    Received: 404

    [0m [90m 47 |[39m   it([32m"GET /tutor/stats -> tutor 
stats"[39m[33m,[39m [36masync[39m () [33m=>[39m {
     [90m 48 |[39m     [36mconst[39m res [33m=[39m [36mawait[39m 
request(app)[33m.[39m[36mget[39m([32m"/stats"[39m)[33m;[39m
    [31m[1m>[22m[39m[90m 49 |[39m     
expect(res[33m.[39mstatusCode)[33m.[39mtoBe([35m200[39m)[33m;[39m
     [90m    |[39m                            [31m[1m^[22m[39m
     [90m 50 |[39m   })[33m;[39m
     [90m 51 |[39m })[33m;[39m[0m

      at Object.toBe (test/tutorRoutes.test.js:49:28)

FAIL test/studentController.test.js
  ΓùÅ Student Controller ΓÇ║ should return student profile

    expect(jest.fn()).toHaveBeenCalledWith(...expected)

    Expected: ObjectContaining {"id": 1}
    Received: {"message": "_userModel.default.findByPk is not a function"}

    Number of calls: 1

    [0m [90m 47 |[39m   it([32m"should return student 
profile"[39m[33m,[39m [36masync[39m () [33m=>[39m {
     [90m 48 |[39m     [36mawait[39m 
studentController[33m.[39mgetStudentProfile(req[33m,[39m res)[33m;[39m
    [31m[1m>[22m[39m[90m 49 |[39m     expect(res[33m.[39mjson)[33m.[3
9mtoHaveBeenCalledWith(expect[33m.[39mobjectContaining({ id[33m:[39m 
[35m1[39m }))[33m;[39m
     [90m    |[39m                      [31m[1m^[22m[39m
     [90m 50 |[39m   })[33m;[39m
     [90m 51 |[39m
     [90m 52 |[39m   it([32m"should cancel a booking"[39m[33m,[39m 
[36masync[39m () [33m=>[39m {[0m

      at Object.toHaveBeenCalledWith (test/studentController.test.js:49:22)

  ΓùÅ Student Controller ΓÇ║ should cancel a booking

    expect(jest.fn()).toHaveBeenCalledWith(...expected)

    Expected: 200
    Received: 500

    Number of calls: 1

    [0m [90m 53 |[39m     req[33m.[39mparams[33m.[39mid [33m=[39m 
[35m1[39m[33m;[39m
     [90m 54 |[39m     [36mawait[39m 
studentController[33m.[39mcancelBooking(req[33m,[39m res)[33m;[39m
    [31m[1m>[22m[39m[90m 55 |[39m     expect(res[33m.[39mstatus)[33m.
[39mtoHaveBeenCalledWith([35m200[39m)[33m;[39m
     [90m    |[39m                        [31m[1m^[22m[39m
     [90m 56 |[39m     expect(res[33m.[39mstatus()[33m.[39mjson)[33m.[3
9mtoHaveBeenCalledWith(expect[33m.[39mobjectContaining({ message[33m:[39m 
[32m"Booking cancelled"[39m }))[33m;[39m
     [90m 57 |[39m   })[33m;[39m
     [90m 58 |[39m[0m

      at Object.toHaveBeenCalledWith (test/studentController.test.js:55:24)

  ΓùÅ Student Controller ΓÇ║ should reschedule a booking

    expect(jest.fn()).toHaveBeenCalledWith(...expected)

    Expected: 200
    Received: 500

    Number of calls: 1

    [0m [90m 61 |[39m     req[33m.[39mbody [33m=[39m { date[33m:[39m 
[32m"2026-03-01"[39m[33m,[39m time[33m:[39m [32m"12:00"[39m 
}[33m;[39m
     [90m 62 |[39m     [36mawait[39m 
studentController[33m.[39mrescheduleBooking(req[33m,[39m res)[33m;[39m
    [31m[1m>[22m[39m[90m 63 |[39m     expect(res[33m.[39mstatus)[33m.
[39mtoHaveBeenCalledWith([35m200[39m)[33m;[39m
     [90m    |[39m                        [31m[1m^[22m[39m
     [90m 64 |[39m     expect(res[33m.[39mjson)[33m.[39mtoHaveBeenCalledW
ith(expect[33m.[39mobjectContaining({ message[33m:[39m [32m"Booking 
rescheduled"[39m }))[33m;[39m
     [90m 65 |[39m   })[33m;[39m
     [90m 66 |[39m })[33m;[39m[0m

      at Object.toHaveBeenCalledWith (test/studentController.test.js:63:24)

FAIL test/bookingModel.test.js
  ΓùÅ Booking Model ΓÇ║ should require studentId, tutorId, date, time, and 
subject

    expect(received).rejects.toThrow()

    Received promise resolved instead of rejected
    Resolved to value: {"createdAt": 2026-02-24T11:46:27.517Z, "date": 
"2026-02-24", "id": 1, "status": "PENDING", "studentId": 2, "subject": "Math", 
"time": "10:00", "tutorId": 3, "updatedAt": 2026-02-24T11:46:27.517Z}

    [0m [90m 29 |[39m
     [90m 30 |[39m   it([32m"should require studentId, tutorId, date, time, 
and subject"[39m[33m,[39m [36masync[39m () [33m=>[39m {
    [31m[1m>[22m[39m[90m 31 |[39m     [36mawait[39m expect([33mBooking
Mock[39m[33m.[39mcreate({}))[33m.[39mrejects[33m.[39mtoThrow()[33m;[39
m
     [90m    |[39m           [31m[1m^[22m[39m
     [90m 32 |[39m   })[33m;[39m
     [90m 33 |[39m })[33m;[39m[0m

      at expect (node_modules/expect/build/index.js:2116:15)
      at Object.expect (test/bookingModel.test.js:31:11)

FAIL test/userModel.test.js
  ΓùÅ User Model ΓÇ║ should require email and fullName

    expect(received).rejects.toThrow()

    Received promise resolved instead of rejected
    Resolved to value: {"createdAt": 2026-02-24T11:46:28.763Z, "email": 
"test@example.com", "fullName": "Test User", "id": 1, "password": 
"hashedpassword", "resetToken": null, "resetTokenExpiry": null, "role": 
"student", "updatedAt": 2026-02-24T11:46:28.763Z}

    [0m [90m 30 |[39m
     [90m 31 |[39m   it([32m'should require email and 
fullName'[39m[33m,[39m [36masync[39m () [33m=>[39m {
    [31m[1m>[22m[39m[90m 32 |[39m     [36mawait[39m expect([33mUserMoc
k[39m[33m.[39mcreate({}))[33m.[39mrejects[33m.[39mtoThrow()[33m;[39m
     [90m    |[39m           [31m[1m^[22m[39m
     [90m 33 |[39m   })[33m;[39m
     [90m 34 |[39m })[33m;[39m[0m

      at expect (node_modules/expect/build/index.js:2116:15)
      at Object.expect (test/userModel.test.js:32:11)

FAIL test/bookingController.test.js
  ΓùÅ Booking Controller ΓÇ║ creates a booking successfully

    TypeError: Cannot read properties of undefined (reading 'createBooking')

    [0m [90m 31 |[39m     
[33mBooking[39m[33m.[39mcreate[33m.[39mmockResolvedValue({ id[33m:[39m 
[35m1[39m[33m,[39m [33m...[39mreq[33m.[39mbody[33m,[39m 
studentId[33m:[39m [35m2[39m[33m,[39m status[33m:[39m 
[32m"PENDING"[39m })[33m;[39m
     [90m 32 |[39m
    [31m[1m>[22m[39m[90m 33 |[39m     [36mawait[39m 
[33mBookingController[39m[33m.[39mcreateBooking(req[33m,[39m 
res)[33m;[39m
     [90m    |[39m                             [31m[1m^[22m[39m
     [90m 34 |[39m
     [90m 35 |[39m     expect(res[33m.[39mstatus)[33m.[39mtoHaveBeenCalle
dWith([35m201[39m)[33m;[39m
     [90m 36 |[39m     expect(res[33m.[39mjson)[33m.[39mtoHaveBeenCalledW
ith(expect[33m.[39mobjectContaining({ message[33m:[39m [32m"Booking 
created"[39m }))[33m;[39m[0m

      at Object.createBooking (test/bookingController.test.js:33:29)

  ΓùÅ Booking Controller ΓÇ║ fails to create booking if tutor not found

    TypeError: Cannot read properties of undefined (reading 'createBooking')

    [0m [90m 43 |[39m     [33mUsers[39m[33m.[39mfindByPk[33m.[39mmockR
esolvedValue([36mnull[39m)[33m;[39m
     [90m 44 |[39m
    [31m[1m>[22m[39m[90m 45 |[39m     [36mawait[39m 
[33mBookingController[39m[33m.[39mcreateBooking(req[33m,[39m 
res)[33m;[39m
     [90m    |[39m                             [31m[1m^[22m[39m
     [90m 46 |[39m
     [90m 47 |[39m     expect(res[33m.[39mstatus)[33m.[39mtoHaveBeenCalle
dWith([35m404[39m)[33m;[39m
     [90m 48 |[39m     
expect(res[33m.[39mjson)[33m.[39mtoHaveBeenCalledWith({ message[33m:[39m 
[32m"Tutor not found"[39m })[33m;[39m[0m

      at Object.createBooking (test/bookingController.test.js:45:29)

  ΓùÅ Booking Controller ΓÇ║ updates booking status correctly

    TypeError: Cannot read properties of undefined (reading 
'updateBookingStatus')

    [0m [90m 55 |[39m     
[33mBooking[39m[33m.[39mfindByPk[33m.[39mmockResolvedValue({ 
id[33m:[39m [35m1[39m[33m,[39m tutorId[33m:[39m [35m3[39m[33m,[39m 
status[33m:[39m [32m"PENDING"[39m[33m,[39m save[33m:[39m 
jest[33m.[39mfn() })[33m;[39m
     [90m 56 |[39m
    [31m[1m>[22m[39m[90m 57 |[39m     [36mawait[39m 
[33mBookingController[39m[33m.[39mupdateBookingStatus(req[33m,[39m 
res)[33m;[39m
     [90m    |[39m                             [31m[1m^[22m[39m
     [90m 58 |[39m
     [90m 59 |[39m     expect(res[33m.[39mstatus)[33m.[39mtoHaveBeenCalle
dWith([35m200[39m)[33m;[39m
     [90m 60 |[39m     expect(res[33m.[39mjson)[33m.[39mtoHaveBeenCalledW
ith(expect[33m.[39mobjectContaining({ message[33m:[39m [32m"Booking 
updated"[39m }))[33m;[39m[0m

      at Object.updateBookingStatus (test/bookingController.test.js:57:29)

PASS test/authRoutes.test.js
  ΓùÅ Console

    console.log
      Executing (default): SELECT "id", "fullName", "email", "password", 
"role", "resetToken", "resetTokenExpiry", "createdAt", "updatedAt" FROM 
"users" AS "User" WHERE "User"."email" = 'test@example.com';

      at Sequelize.log (node_modules/sequelize/src/sequelize.js:1281:15)

    console.log
      Executing (default): INSERT INTO "users" 
("id","fullName","email","password","role","createdAt","updatedAt") VALUES 
(DEFAULT,$1,$2,$3,$4,$5,$6) RETURNING "id","fullName","email","password","role"
,"resetToken","resetTokenExpiry","createdAt","updatedAt";

      at Sequelize.log (node_modules/sequelize/src/sequelize.js:1281:15)

    console.log
      Executing (default): SELECT "id", "fullName", "email", "password", 
"role", "resetToken", "resetTokenExpiry", "createdAt", "updatedAt" FROM 
"users" AS "User" WHERE "User"."email" = 'test@example.com';

      at Sequelize.log (node_modules/sequelize/src/sequelize.js:1281:15)

PASS test/authController.test.js

Test Suites: 11 failed, 2 passed, 13 total
Tests:       28 failed, 13 passed, 41 total
Snapshots:   0 total
Time:        44.463 s
Ran all test suites.
